[2026-07-25T05:52:01.428Z] INFO Email sent successfully via Google Workspace {"to":"[redacted-email]","messageId":"<[redacted-email]>"}
[2026-07-25T05:52:03.102Z] INFO SMS sent successfully via MSG91 {"data":{"message":"3667796b****7065","type":"success"}}
[2026-07-25T05:55:56.869Z] INFO Server signed in successfully as buyer {"email":"[redacted-email]"}
[2026-07-25T05:55:57.579Z] INFO Sending inquiry receipt emails to buyer {"buyerId":"BUY-0031","inquiryId":"INQ-0034","targetEmails":["[redacted-email]"]}
[2026-07-25T05:56:01.990Z] INFO Email sent successfully via Google Workspace {"to":"[redacted-email]","messageId":"<[redacted-email]>"}
[2026-07-25T05:56:02.496Z] INFO New inquiry created, sending targeted notifications {"inquiryId":"INQ-0034","categories":["Cement"],"targetedSellerCount":6}
[2026-07-25T05:56:03.933Z] INFO SMS sent successfully via MSG91 {"data":{"message":"3667796b7a636e****7351","type":"success"}}
[2026-07-25T05:56:04.020Z] INFO SMS sent successfully via MSG91 {"data":{"message":"3667796b7a****3357","type":"success"}}
[2026-07-25T05:56:04.074Z] INFO SMS sent successfully via MSG91 {"data":{"message":"3667796b7a****9434b","type":"success"}}
[2026-07-25T05:56:04.145Z] INFO SMS sent successfully via MSG91 {"data":{"message":"3667796b7a****4597a31","type":"success"}}
[2026-07-25T05:56:04.146Z] INFO SMS sent successfully via MSG91 {"data":{"message":"3667796b7a64646f78456341","type":"success"}}
[2026-07-25T05:56:04.248Z] INFO SMS sent successfully via MSG91 {"data":{"message":"3667796b7a****1686d","type":"success"}}
[2026-07-25T05:56:10.559Z] INFO Email sent successfully via Google Workspace {"to":"[redacted-email]","messageId":"<[redacted-email]>"}
[2026-07-25T05:56:10.691Z] INFO Email sent successfully via Google Workspace {"to":"[redacted-email]","messageId":"<[redacted-email]>"}
[2026-07-25T05:56:10.999Z] INFO Email sent successfully via Google Workspace {"to":"[redacted-email]","messageId":"<[redacted-email]>"}
[2026-07-25T05:56:11.210Z] INFO Email sent successfully via Google Workspace {"to":"[redacted-email]","messageId":"<[redacted-email]>"}
[2026-07-25T05:56:11.723Z] INFO Email sent successfully via Google Workspace {"to":"[redacted-email]","messageId":"<[redacted-email]>"}
[2026-07-25T05:56:12.014Z] INFO Email sent successfully via Google Workspace {"to":"[redacted-email]","messageId":"<[redacted-email]>"}
[2026-07-25T05:56:12.312Z] INFO Email sent successfully via Google Workspace {"to":"[redacted-email]","messageId":"<[redacted-email]>"}
[2026-07-25T05:56:12.429Z] INFO Email sent successfully via Google Workspace {"to":"[redacted-email]","messageId":"<[redacted-email]>"}
[2026-07-25T05:56:12.591Z] INFO New inquiry notifications complete
[2026-07-25T05:56:12.591Z] INFO Email sent successfully via Google Workspace {"to":"[redacted-email]","messageId":"<[redacted-email]>"}
[2026-07-25T05:56:28.041Z] INFO Email sent successfully via Google Workspace {"to":"[redacted-email]","messageId":"<[redacted-email]>"}
[2026-07-25T05:56:28.618Z] INFO SMS sent successfully via MSG91 {"data":{"message":"3667796b7a42487a49336975","type":"success"}}
